﻿
> ekalgo-web@1.0.0 build
> vite build

[36mvite v5.4.21 [32mbuilding for production...[36m[39m
transforming...
[32mΓ£ô[39m 38 modules transformed.
node.exe : [31mx[39m 
Build failed in 1.77s
At C:\Program 
Files\nodejs\npm.ps1:29 
char:3
+   & $NODE_EXE 
$NPM_CLI_JS $args
+   ~~~~~~~~~~~~~~~~~~~~~
~~~~~~~~
    + CategoryInfo       
       : NotSpecified:   
  ([31mx[39m Build f   
 ailed in 1.77s:Strin    
g) [], RemoteExcepti    
on
    + FullyQualifiedErro 
   rId : NativeCommandE  
  rror
 
[31merror during build:
[31m[vite:esbuild] 
Transform failed with 1 
error:
C:/EKALGO WEB/ekalgo-web/
src/components/HiddenGems
.jsx:165:9: ERROR: 
Expected ";" but found 
"village"[31m
file: [36mC:/EKALGO WEB/
ekalgo-web/src/components
/HiddenGems.jsx:165:9[31
m
[33m
[33mExpected ";" but 
found "village"[33m
163|    );
164|  }
165|   village village 
village village village 
village village village 
village village village 
village village village 
village village village 
village village village 
village village village 
village village village 
village village village 
village village village 
village village village 
village village village 
village village village 
village village village 
village village"
   |           ^
166|  }
167|  
[31m
    at 
failureErrorWithLog 
(C:\EKALGO WEB\ekalgo-web
\node_modules\esbuild\lib
\main.js:1472:15)
    at C:\EKALGO WEB\ekal
go-web\node_modules\esbui
ld\lib\main.js:755:50
    at responseCallbacks.
<computed> (C:\EKALGO WEB
\ekalgo-web\node_modules\
esbuild\lib\main.js:622:9
)
    at 
handleIncomingPacket 
(C:\EKALGO WEB\ekalgo-web
\node_modules\esbuild\lib
\main.js:677:12)
    at 
Socket.readFromStdout 
(C:\EKALGO WEB\ekalgo-web
\node_modules\esbuild\lib
\main.js:600:7)
    at Socket.emit 
(node:events:518:28)
    at addChunk (node:int
ernal/streams/readable:56
1:12)
    at readableAddChunkPu
shByteMode (node:internal
/streams/readable:512:3)
    at Readable.push (nod
e:internal/streams/readab
le:392:5)
    at Pipe.onStreamRead 
(node:internal/stream_bas
e_commons:189:23)[39m
